// Jest Snapshot v1, https://goo.gl/fbAQLP

exports[`Header should match snapshot 1`] = `
<section
  className='header-wrapper'
>
  <article
    className='header'
  >
    <h1
      className='main-title'
    >
      The Happy Wag
    </h1>
  </article>
  <article
    className='subtitle'
  >
    <p
      className='sub-text'
    >
      Browse through the furry companion cards and click on an animal for contact information to schedule a meet 'n' greet!
    </p>
  </article>
</section>
`;
