// Jest Snapshot v1, https://goo.gl/fbAQLP

exports[`App should match snapshot 1`] = `
<section
  className="App"
>
  <Route
    component={[Function]}
    exact={true}
    path="/"
  />
  <CardWrapper />
  <Route
    exact={true}
    path="/CardDetails/:id"
    render={[Function]}
  />
</section>
`;
